=== VIBECHECK AI PIPELINE RUN [run_1779976719145] ===
Project: CICD-Pipeline (NODEJS)
Branch: main
Started: 2026-05-28T13:58:39.145Z
==============================================

>>> STAGE [INSTALL]: Running "npm install"...
added 142 packages, and audited 143 packages in 1.42s
found 0 vulnerabilities

<<< STAGE [INSTALL] PASSED in 0.81s

>>> STAGE [BUILD]: Running "npm run build"...

> build
> node -e "console.log('Production build successful!')"

Production build successful!

<<< STAGE [BUILD] PASSED in 0.80s

>>> STAGE [TEST]: Running "npm test"...
Running math module scaling tests...
PASS: Scaling test with non-zero scale passed
TESTING: Scaling with zero scale value...
Computing scaling factor for scale: 0
PASS: Zero scale result: Infinity (or handled gracefully)

ALL 2 TESTS PASSED SUCCESSFULLY! ✅

<<< STAGE [TEST] PASSED in 0.81s

🎉 PIPELINE PASSED ALL STAGES SUCCESSFULLY! 🎉
